// Jest Snapshot v1, https://goo.gl/fbAQLP

exports[`MostrarResultadoComponent Debe coincidir con el snapshot 1`] = `
<div
  id="root2"
>
  <h3>
    Resultado es: 0
  </h3>
  
</div>
`;
