// Jest Snapshot v1, https://goo.gl/fbAQLP

exports[`OperacionesComponent Debe coincidir con el snapshot 1`] = `
<div
  id="root2"
/>
`;
